// Jest Snapshot v1, https://goo.gl/fbAQLP

exports[`Github Runner EC2 Launch Tempate launch Template validation test 1`] = `
{
  "Parameters": {
    "BootstrapVersion": {
      "Default": "/cdk-bootstrap/hnb659fds/version",
      "Description": "Version of the CDK Bootstrap resources in this environment, automatically retrieved from SSM Parameter Store. [cdk:skip]",
      "Type": "AWS::SSM::Parameter::Value<String>",
    },
  },
  "Resources": {
    "GithubRunnerEC2LaunchTemplateCF0FB830": {
      "Properties": {
        "LaunchTemplateData": {
          "TagSpecifications": [
            {
              "ResourceType": "instance",
              "Tags": [
                {
                  "Key": "Name",
                  "Value": "TestStack/GithubRunnerEC2LaunchTemplate/EC2LaunchTemplate",
                },
              ],
            },
            {
              "ResourceType": "volume",
              "Tags": [
                {
                  "Key": "Name",
                  "Value": "TestStack/GithubRunnerEC2LaunchTemplate/EC2LaunchTemplate",
                },
              ],
            },
          ],
        },
        "LaunchTemplateName": "github-self-hosted-runner-ec2-template",
        "TagSpecifications": [
          {
            "ResourceType": "launch-template",
            "Tags": [
              {
                "Key": "Name",
                "Value": "TestStack/GithubRunnerEC2LaunchTemplate/EC2LaunchTemplate",
              },
            ],
          },
        ],
      },
      "Type": "AWS::EC2::LaunchTemplate",
    },
  },
  "Rules": {
    "CheckBootstrapVersion": {
      "Assertions": [
        {
          "Assert": {
            "Fn::Not": [
              {
                "Fn::Contains": [
                  [
                    "1",
                    "2",
                    "3",
                    "4",
                    "5",
                  ],
                  {
                    "Ref": "BootstrapVersion",
                  },
                ],
              },
            ],
          },
          "AssertDescription": "CDK bootstrap stack version 6 required. Please run 'cdk bootstrap' with a recent version of the CDK CLI.",
        },
      ],
    },
  },
}
`;
